🔐 Scanning for secrets in staged files...
✅ No secrets detected
🔍 Running lint-staged...
⋯ Backing up original state…
✔ Done backing up original state (a7f8f8a63b)!
⋯ Running tasks for staged files…
    *.json — 1 file
      ⋯ biome format --write --no-errors-on-unmatched --files-ignore-unknown=true

✔ biome format --write --no-errors-on-unmatched --files-ignore-unknown=true

✔ Done running tasks for staged files!
⋯ Staging changes from tasks…
✔ Done staging changes from tasks!
⋯ Cleaning up temporary files…
✔ Done cleaning up temporary files!
📝 Syncing TODO comments with GitHub...
No projects matched the filters in "/home/qazuor/projects/WEBS/hospeda-spec-hos-1352-billing-redesign"
✅ TODO sync completed successfully
✅ Pre-commit checks complete
🔍 Detecting completed tasks...
No projects matched the filters in "/home/qazuor/projects/WEBS/hospeda-spec-hos-1352-billing-redesign"
✅ Post-commit checks complete
[spec/HOS-1352-billing-verticals-redesign 17485ce645] docs(spec): retire stale generated rules and guard propagation (HOS-1352)
 4 files changed, 91 insertions(+), 3 deletions(-)
