🔐 Scanning for secrets in staged files...
✅ No secrets detected
🔍 Running lint-staged...
⋯ Backing up original state…
✔ Done backing up original state (a1fce84978)!
⋯ Running tasks for staged files…
    *.md — 12 files
      ⋯ markdownlint-cli2 --config .markdownlint-cli2.jsonc --fix

✔ markdownlint-cli2 --config .markdownlint-cli2.jsonc --fix

✔ Done running tasks for staged files!
⋯ Staging changes from tasks…
✔ Done staging changes from tasks!
⋯ Cleaning up temporary files…
✔ Done cleaning up temporary files!
📝 Syncing TODO comments with GitHub...
No projects matched the filters in "/home/qazuor/projects/WEBS/hospeda-spec-hos-1352-billing-redesign"
✅ TODO sync completed successfully
✅ Pre-commit checks complete
🔍 Detecting completed tasks...
No projects matched the filters in "/home/qazuor/projects/WEBS/hospeda-spec-hos-1352-billing-redesign"
✅ Post-commit checks complete
[spec/HOS-1352-billing-verticals-redesign 277980c125] docs(spec): propagate current billing rules across source copies (HOS-1352)
 12 files changed, 29 insertions(+), 22 deletions(-)
