🔐 Scanning for secrets in staged files...
✅ No secrets detected
🔍 Running lint-staged...
Scope: all 31 workspace projects
✓ Lockfile passes supply-chain policies (verified 2d ago)
Lockfile is up to date, resolution step is skipped
Already up to date

. prepare$ husky install || true && pnpm --filter @repo/i18n generate-types || true
. prepare: husky - install command is DEPRECATED
. prepare: $ tsx scripts/generate-types.ts
. prepare: 🔄 Generating translation types...
. prepare: 📁 Found locales: en, es, pt
. prepare: 📄 Processing 69 files for locale 'en'
. prepare: 📄 Processing 69 files for locale 'es'
. prepare: 📄 Processing 69 files for locale 'pt'
. prepare: ✅ Generated 15101 translation keys
. prepare: 📝 Types written to: /home/qazuor/projects/WEBS/hospeda-spec-hos-1352-billing-redesign/packages/i18n/src/types.ts
. prepare: Done
Done in 4.5s using pnpm v11.18.0
⋯ Backing up original state…
✔ Done backing up original state (aed366f596)!
⋯ Running tasks for staged files…
    *.json — 8 files
      ⋯ biome format --write --no-errors-on-unmatched --files-ignore-unknown=true

✔ biome format --write --no-errors-on-unmatched --files-ignore-unknown=true

✔ Done running tasks for staged files!
⋯ Staging changes from tasks…
✔ Done staging changes from tasks!
⋯ Cleaning up temporary files…
✔ Done cleaning up temporary files!
📝 Syncing TODO comments with GitHub...
No projects matched the filters in "/home/qazuor/projects/WEBS/hospeda-spec-hos-1352-billing-redesign"
✅ TODO sync completed successfully
✅ Pre-commit checks complete
🔍 Detecting completed tasks...
No projects matched the filters in "/home/qazuor/projects/WEBS/hospeda-spec-hos-1352-billing-redesign"
✅ Post-commit checks complete
[spec/HOS-1352-billing-verticals-redesign b41713381e] docs(spec): archive round seven evidence and pass ten brief (HOS-1352)
 58 files changed, 43472 insertions(+)
 create mode 100644 .specs/HOS-1352-billing-verticals-redesign/spec-consolidada/_trabajo/verificacion/vuelta-7/adjudicacion/build.py
 create mode 100644 .specs/HOS-1352-billing-verticals-redesign/spec-consolidada/_trabajo/verificacion/vuelta-7/adjudicacion/canarios-resultado.txt
 create mode 100644 .specs/HOS-1352-billing-verticals-redesign/spec-consolidada/_trabajo/verificacion/vuelta-7/adjudicacion/correcciones.txt
 create mode 100644 .specs/HOS-1352-billing-verticals-redesign/spec-consolidada/_trabajo/verificacion/vuelta-7/adjudicacion/hallazgos.json
 create mode 100644 .specs/HOS-1352-billing-verticals-redesign/spec-consolidada/_trabajo/verificacion/vuelta-7/adjudicacion/patrones.txt
 create mode 100644 .specs/HOS-1352-billing-verticals-redesign/spec-consolidada/_trabajo/verificacion/vuelta-7/bloques.txt
 create mode 100644 .specs/HOS-1352-billing-verticals-redesign/spec-consolidada/_trabajo/verificacion/vuelta-7/brief-g.txt
 create mode 100644 .specs/HOS-1352-billing-verticals-redesign/spec-consolidada/_trabajo/verificacion/vuelta-7/brief-pasada10.txt
 create mode 100644 .specs/HOS-1352-billing-verticals-redesign/spec-consolidada/_trabajo/verificacion/vuelta-7/brief-va.txt
 create mode 100644 .specs/HOS-1352-billing-verticals-redesign/spec-consolidada/_trabajo/verificacion/vuelta-7/brief-vb.txt
 create mode 100644 .specs/HOS-1352-billing-verticals-redesign/spec-consolidada/_trabajo/verificacion/vuelta-7/canarios.diff
 create mode 100644 .specs/HOS-1352-billing-verticals-redesign/spec-consolidada/_trabajo/verificacion/vuelta-7/canarios.txt
 create mode 100644 .specs/HOS-1352-billing-verticals-redesign/spec-consolidada/_trabajo/verificacion/vuelta-7/hallazgos-todos.txt
 create mode 100644 .specs/HOS-1352-billing-verticals-redesign/spec-consolidada/_trabajo/verificacion/vuelta-7/pasada10/artefactos-sha256.json
 create mode 100644 .specs/HOS-1352-billing-verticals-redesign/spec-consolidada/_trabajo/verificacion/vuelta-7/salidas/G1-auditoria.json
 create mode 100644 .specs/HOS-1352-billing-verticals-redesign/spec-consolidada/_trabajo/verificacion/vuelta-7/salidas/G1-contraste-transversal.txt
 create mode 100644 .specs/HOS-1352-billing-verticals-redesign/spec-consolidada/_trabajo/verificacion/vuelta-7/salidas/G1-muestra.json
 create mode 100644 .specs/HOS-1352-billing-verticals-redesign/spec-consolidada/_trabajo/verificacion/vuelta-7/salidas/G1-omisiones-candidatas.txt
 create mode 100644 .specs/HOS-1352-billing-verticals-redesign/spec-consolidada/_trabajo/verificacion/vuelta-7/salidas/G1-omisiones-filtradas.json
 create mode 100644 .specs/HOS-1352-billing-verticals-redesign/spec-consolidada/_trabajo/verificacion/vuelta-7/salidas/G1-patrones.txt
 create mode 100644 .specs/HOS-1352-billing-verticals-redesign/spec-consolidada/_trabajo/verificacion/vuelta-7/salidas/G1-tachados-coincidencias.txt
 create mode 100644 .specs/HOS-1352-billing-verticals-redesign/spec-consolidada/_trabajo/verificacion/vuelta-7/salidas/G1.txt
 create mode 100644 .specs/HOS-1352-billing-verticals-redesign/spec-consolidada/_trabajo/verificacion/vuelta-7/salidas/G2-auditar.py
 create mode 100644 .specs/HOS-1352-billing-verticals-redesign/spec-consolidada/_trabajo/verificacion/vuelta-7/salidas/G2-catalogo-audit.json
 create mode 100644 .specs/HOS-1352-billing-verticals-redesign/spec-consolidada/_trabajo/verificacion/vuelta-7/salidas/G2-complemento-audit.json
 create mode 100644 .specs/HOS-1352-billing-verticals-redesign/spec-consolidada/_trabajo/verificacion/vuelta-7/salidas/G2-completar.py
 create mode 100644 .specs/HOS-1352-billing-verticals-redesign/spec-consolidada/_trabajo/verificacion/vuelta-7/salidas/G2-corpus.txt
 create mode 100644 .specs/HOS-1352-billing-verticals-redesign/spec-consolidada/_trabajo/verificacion/vuelta-7/salidas/G2-cruces.txt
 create mode 100644 .specs/HOS-1352-billing-verticals-redesign/spec-consolidada/_trabajo/verificacion/vuelta-7/salidas/G2-informe.py
 create mode 100644 .specs/HOS-1352-billing-verticals-redesign/spec-consolidada/_trabajo/verificacion/vuelta-7/salidas/G2-log-busqueda.txt
 create mode 100644 .specs/HOS-1352-billing-verticals-redesign/spec-consolidada/_trabajo/verificacion/vuelta-7/salidas/G2-owner-busqueda.txt
 create mode 100644 .specs/HOS-1352-billing-verticals-redesign/spec-consolidada/_trabajo/verificacion/vuelta-7/salidas/G2-patrones.txt
 create mode 100644 .specs/HOS-1352-billing-verticals-redesign/spec-consolidada/_trabajo/verificacion/vuelta-7/salidas/G2-secciones-audit.json
 create mode 100644 .specs/HOS-1352-billing-verticals-redesign/spec-consolidada/_trabajo/verificacion/vuelta-7/salidas/G2.txt
 create mode 100644 .specs/HOS-1352-billing-verticals-redesign/spec-consolidada/_trabajo/verificacion/vuelta-7/salidas/VA-A1.txt
 create mode 100644 .specs/HOS-1352-billing-verticals-redesign/spec-consolidada/_trabajo/verificacion/vuelta-7/salidas/VA-A10.txt
 create mode 100644 .specs/HOS-1352-billing-verticals-redesign/spec-consolidada/_trabajo/verificacion/vuelta-7/salidas/VA-A2.txt
 create mode 100644 .specs/HOS-1352-billing-verticals-redesign/spec-consolidada/_trabajo/verificacion/vuelta-7/salidas/VA-A3.txt
 create mode 100644 .specs/HOS-1352-billing-verticals-redesign/spec-consolidada/_trabajo/verificacion/vuelta-7/salidas/VA-A4.txt
 create mode 100644 .specs/HOS-1352-billing-verticals-redesign/spec-consolidada/_trabajo/verificacion/vuelta-7/salidas/VA-A5.txt
 create mode 100644 .specs/HOS-1352-billing-verticals-redesign/spec-consolidada/_trabajo/verificacion/vuelta-7/salidas/VA-A6.txt
 create mode 100644 .specs/HOS-1352-billing-verticals-redesign/spec-consolidada/_trabajo/verificacion/vuelta-7/salidas/VA-A7.txt
 create mode 100644 .specs/HOS-1352-billing-verticals-redesign/spec-consolidada/_trabajo/verificacion/vuelta-7/salidas/VA-A8.txt
 create mode 100644 .specs/HOS-1352-billing-verticals-redesign/spec-consolidada/_trabajo/verificacion/vuelta-7/salidas/VA-A9.txt
 create mode 100644 .specs/HOS-1352-billing-verticals-redesign/spec-consolidada/_trabajo/verificacion/vuelta-7/salidas/VB-01.txt
 create mode 100644 .specs/HOS-1352-billing-verticals-redesign/spec-consolidada/_trabajo/verificacion/vuelta-7/salidas/VB-02.txt
 create mode 100644 .specs/HOS-1352-billing-verticals-redesign/spec-consolidada/_trabajo/verificacion/vuelta-7/salidas/VB-03.txt
 create mode 100644 .specs/HOS-1352-billing-verticals-redesign/spec-consolidada/_trabajo/verificacion/vuelta-7/salidas/VB-04.txt
 create mode 100644 .specs/HOS-1352-billing-verticals-redesign/spec-consolidada/_trabajo/verificacion/vuelta-7/salidas/VB-05.txt
 create mode 100644 .specs/HOS-1352-billing-verticals-redesign/spec-consolidada/_trabajo/verificacion/vuelta-7/salidas/VB-06.txt
 create mode 100644 .specs/HOS-1352-billing-verticals-redesign/spec-consolidada/_trabajo/verificacion/vuelta-7/salidas/VB-07.txt
 create mode 100644 .specs/HOS-1352-billing-verticals-redesign/spec-consolidada/_trabajo/verificacion/vuelta-7/salidas/VB-08.txt
 create mode 100644 .specs/HOS-1352-billing-verticals-redesign/spec-consolidada/_trabajo/verificacion/vuelta-7/salidas/VB-09.txt
 create mode 100644 .specs/HOS-1352-billing-verticals-redesign/spec-consolidada/_trabajo/verificacion/vuelta-7/salidas/VB-10.txt
 create mode 100644 .specs/HOS-1352-billing-verticals-redesign/spec-consolidada/_trabajo/verificacion/vuelta-7/salidas/VB-11.txt
 create mode 100644 .specs/HOS-1352-billing-verticals-redesign/spec-consolidada/_trabajo/verificacion/vuelta-7/salidas/VB-12.txt
 create mode 100644 .specs/HOS-1352-billing-verticals-redesign/spec-consolidada/_trabajo/verificacion/vuelta-7/salidas/VB-13.txt
 create mode 100644 .specs/HOS-1352-billing-verticals-redesign/spec-consolidada/_trabajo/verificacion/vuelta-7/salidas/VB-14.txt
