SHA 277980c125af3050c5ca3949b82285518afdbf9b
fuente  total vivos otros dup · estados
DEC       146   138     8   0 · {'ACCEPTED': 134, 'SUPERSEDED': 8, 'SUPERSEDED_PARCIAL': 4}
PIN       227   223     4   0 · {'VIGENTE': 223, 'MUERTO': 4}
MATRIZ    117   117     0   0 · {'VERIFIED': 63, 'PARTIALLY_SUPPORTED': 16, 'UNKNOWN': 14, 'NOT_SUPPORTED': 24}
PIEZA      30    30     0   0 · {'VIVO': 30}
FILA       35    35     0   0 · {'VIVO': 27, 'MIXTO': 8}
GUARD      35    35     0   0 · {'VIVO': 35}
VAL         2     2     0   0 · {'VIVO': 2}
DEP        15    13     2   0 · {'VIVO': 11, 'MIXTO': 2, 'MUERTO': 2}
LISTA      35    35     0   0 · {'VIVO': 29, 'ORIGEN': 5, 'MIXTO': 1}
INV        54    52     2   0 · {'VIVO': 51, 'MIXTO': 1, 'MUERTO': 2}
TRANS      88    83     5   0 · {'VIVO': 73, 'MIXTO': 10, 'MUERTO': 5}
PROH        6     6     0   0 · {'VIVO': 6}
ACC        26    25     1   0 · {'MIXTO': 6, 'VIVO': 19, 'MUERTO': 1}
PLAZO      19    19     0   0 · {'VIVO': 16, 'MIXTO': 3}
MOT        24    24     0   0 · {'VIVO': 22, 'MIXTO': 2}
LOCK        6     6     0   0 · {'VIVO': 6}
RP         12    12     0   0 · {'VIVO': 12}
M          13    13     0   0 · {'VIVO': 13}
L           8     0     8   0 · {'MUERTO': 8}
PASO       16    15     1   0 · {'VIVO': 6, 'MIXTO': 9, 'MUERTO': 1}
OWN       322   321     1   0 · {'VIVO': 321, 'MUERTO': 1}
ESQ         9     9     0   0 · {'VIVO': 9}
TPZ        34    34     0   0 · {'VIVO': 34}
APZ         8     8     0   0 · {'VIVO': 8}
GATE       23    23     0   0 · {'VIVO': 23}
SEC       715   714     1   0 · {'VIVO': 708, 'MIXTO': 6, 'MUERTO': 1}

  ✓ decisiones (146): 146
  ✓ precisadas sin SUPERSEDED (76): 76
  ✓ filas de la matriz (117): 117
  ✓ piezas (30): 30
  ✓ piezas al corte (22): 22
  ✓ guards (35): 35
  ✓ guards al corte (34): 34
  ✓ dependencias vivas (13): 13
  ✓ flechas entre épicas (15): 15
  ✓ transiciones con pieza (34): 34
  ✓ esquema del corte (9): 9
  · MIXTO: 48 · 📌 en prosa: 41 · secciones: 715 en 38 archivos

JSON: _trabajo/inventario.json 2025 ítems
