00-indice.md: remapeadas 11 · iguales 310 · sobre texto cambiado 2 · desconocidas 0
02-nucleo-auditoria.md: remapeadas 0 · iguales 102 · sobre texto cambiado 0 · desconocidas 0
02-nucleo-glosario.md: remapeadas 0 · iguales 238 · sobre texto cambiado 2 · desconocidas 0
02-nucleo-modelo-y-maquinas.md: remapeadas 0 · iguales 62 · sobre texto cambiado 0 · desconocidas 0
02-nucleo-outbox.md: remapeadas 0 · iguales 116 · sobre texto cambiado 0 · desconocidas 0
02-nucleo.md: remapeadas 1 · iguales 237 · sobre texto cambiado 1 · desconocidas 0
03-contrato-de-cobertura.md: remapeadas 1 · iguales 208 · sobre texto cambiado 0 · desconocidas 0
30-el-corte.md: remapeadas 0 · iguales 205 · sobre texto cambiado 0 · desconocidas 0
80-abiertos.md: remapeadas 2 · iguales 236 · sobre texto cambiado 0 · desconocidas 0
90-retirados.md: remapeadas 8 · iguales 81 · sobre texto cambiado 0 · desconocidas 0
10-corte/B1.md: remapeadas 8 · iguales 73 · sobre texto cambiado 0 · desconocidas 0
10-corte/B11.md: remapeadas 1 · iguales 52 · sobre texto cambiado 1 · desconocidas 0
10-corte/B13a.md: remapeadas 2 · iguales 36 · sobre texto cambiado 0 · desconocidas 0
10-corte/B2.md: remapeadas 2 · iguales 21 · sobre texto cambiado 0 · desconocidas 0
10-corte/B3.md: remapeadas 4 · iguales 74 · sobre texto cambiado 0 · desconocidas 0
10-corte/B8a.md: remapeadas 0 · iguales 12 · sobre texto cambiado 1 · desconocidas 0
10-corte/B9a.md: remapeadas 0 · iguales 37 · sobre texto cambiado 0 · desconocidas 0
10-corte/U1.md: remapeadas 0 · iguales 23 · sobre texto cambiado 0 · desconocidas 0
10-corte/U2.md: remapeadas 0 · iguales 6 · sobre texto cambiado 0 · desconocidas 0
10-corte/U3.md: remapeadas 0 · iguales 9 · sobre texto cambiado 0 · desconocidas 0
10-corte/V1.md: remapeadas 0 · iguales 14 · sobre texto cambiado 0 · desconocidas 0
10-corte/V2.md: remapeadas 0 · iguales 23 · sobre texto cambiado 0 · desconocidas 0
10-corte/V3.md: remapeadas 0 · iguales 50 · sobre texto cambiado 0 · desconocidas 0
10-corte/V4.md: remapeadas 3 · iguales 68 · sobre texto cambiado 0 · desconocidas 0
10-corte/V5.md: remapeadas 0 · iguales 681 · sobre texto cambiado 0 · desconocidas 0
10-corte/V6.md: remapeadas 0 · iguales 393 · sobre texto cambiado 0 · desconocidas 0
10-corte/V8a.md: remapeadas 0 · iguales 79 · sobre texto cambiado 0 · desconocidas 0
10-corte/V9a.md: remapeadas 0 · iguales 5 · sobre texto cambiado 1 · desconocidas 0
20-fase-1/V9b.md: remapeadas 0 · iguales 289 · sobre texto cambiado 1 · desconocidas 0
20-fase-2/B8b.md: remapeadas 3 · iguales 50 · sobre texto cambiado 0 · desconocidas 0
20-fase-2/B9b.md: remapeadas 0 · iguales 15 · sobre texto cambiado 0 · desconocidas 0
20-fase-3/B10.md: remapeadas 1 · iguales 42 · sobre texto cambiado 0 · desconocidas 0
20-fase-3/B12.md: remapeadas 3 · iguales 23 · sobre texto cambiado 0 · desconocidas 0
20-fase-3/B13b.md: remapeadas 0 · iguales 4 · sobre texto cambiado 0 · desconocidas 0
20-fase-4/V7.md: remapeadas 0 · iguales 396 · sobre texto cambiado 0 · desconocidas 0
20-fase-4/V8b.md: remapeadas 0 · iguales 3 · sobre texto cambiado 0 · desconocidas 0
scripts/generadores/g8/src/B4.md: remapeadas 1 · iguales 32 · sobre texto cambiado 0 · desconocidas 0
scripts/generadores/g8/src/B5.md: remapeadas 2 · iguales 86 · sobre texto cambiado 0 · desconocidas 0
scripts/generadores/g8/src/B6.md: remapeadas 0 · iguales 50 · sobre texto cambiado 0 · desconocidas 0
scripts/generadores/g8/src/B7.md: remapeadas 2 · iguales 744 · sobre texto cambiado 0 · desconocidas 0
TOTAL {'MOVIDA': 55, 'IGUAL': 5185, 'CAMBIADA': 9}
