🔐 Scanning for secrets in staged files...
✅ No secrets detected
🔍 Running lint-staged...
Scope: all 31 workspace projects
✓ Lockfile passes supply-chain policies (verified 2d ago)
Lockfile is up to date, resolution step is skipped
Already up to date

. prepare$ husky install || true && pnpm --filter @repo/i18n generate-types || true
. prepare: husky - install command is DEPRECATED
. prepare: $ tsx scripts/generate-types.ts
. prepare: 🔄 Generating translation types...
. prepare: 📁 Found locales: en, es, pt
. prepare: 📄 Processing 69 files for locale 'en'
. prepare: 📄 Processing 69 files for locale 'es'
. prepare: 📄 Processing 69 files for locale 'pt'
. prepare: ✅ Generated 15101 translation keys
. prepare: 📝 Types written to: /home/qazuor/projects/WEBS/hospeda-spec-hos-1352-billing-redesign/packages/i18n/src/types.ts
. prepare: Done
Done in 4.6s using pnpm v11.18.0
⋯ Backing up original state…
✔ Done backing up original state (de1e56bf1c)!
⋯ Running tasks for staged files…
    *.md — 1 file
      ⋯ markdownlint-cli2 --config .markdownlint-cli2.jsonc --fix

✔ markdownlint-cli2 --config .markdownlint-cli2.jsonc --fix

✔ Done running tasks for staged files!
⋯ Staging changes from tasks…
✔ Done staging changes from tasks!
⋯ Cleaning up temporary files…
✔ Done cleaning up temporary files!
📝 Syncing TODO comments with GitHub...
No projects matched the filters in "/home/qazuor/projects/WEBS/hospeda-spec-hos-1352-billing-redesign"
✅ TODO sync completed successfully
✅ Pre-commit checks complete
🔍 Detecting completed tasks...
No projects matched the filters in "/home/qazuor/projects/WEBS/hospeda-spec-hos-1352-billing-redesign"
✅ Post-commit checks complete
[spec/HOS-1352-billing-verticals-redesign 04a8fc09f6] docs(spec): propagate bm and ck into the cutover proposal (HOS-1352)
 1 file changed, 4 insertions(+), 4 deletions(-)
