🔐 Scanning for secrets in staged files...
✅ No secrets detected
🔍 Running lint-staged...
⋯ Backing up original state…
✔ Done backing up original state (ef63ae12be)!
⋯ Running tasks for staged files…
    *.md — 1 file
      ⋯ markdownlint-cli2 --config .markdownlint-cli2.jsonc --fix

✔ markdownlint-cli2 --config .markdownlint-cli2.jsonc --fix

✔ Done running tasks for staged files!
⋯ Staging changes from tasks…
✔ Done staging changes from tasks!
⋯ Cleaning up temporary files…
✔ Done cleaning up temporary files!
📝 Syncing TODO comments with GitHub...
No projects matched the filters in "/home/qazuor/projects/WEBS/hospeda-spec-hos-1352-billing-redesign"
✅ TODO sync completed successfully
✅ Pre-commit checks complete
🔍 Detecting completed tasks...
No projects matched the filters in "/home/qazuor/projects/WEBS/hospeda-spec-hos-1352-billing-redesign"
✅ Post-commit checks complete
[spec/HOS-1352-billing-verticals-redesign 5381f75796] docs(spec): align product catalog guard with structural loading (HOS-1352)
 1 file changed, 1 insertion(+), 1 deletion(-)
