00-indice.md: remapeadas 0 · iguales 323 · sobre texto cambiado 0 · desconocidas 0
02-nucleo-auditoria.md: remapeadas 0 · iguales 102 · sobre texto cambiado 0 · desconocidas 0
02-nucleo-glosario.md: remapeadas 0 · iguales 240 · sobre texto cambiado 0 · desconocidas 0
02-nucleo-modelo-y-maquinas.md: remapeadas 0 · iguales 62 · sobre texto cambiado 0 · desconocidas 0
02-nucleo-outbox.md: remapeadas 0 · iguales 116 · sobre texto cambiado 0 · desconocidas 0
02-nucleo.md: remapeadas 0 · iguales 239 · sobre texto cambiado 0 · desconocidas 0
03-contrato-de-cobertura.md: remapeadas 0 · iguales 209 · sobre texto cambiado 0 · desconocidas 0
30-el-corte.md: remapeadas 0 · iguales 205 · sobre texto cambiado 0 · desconocidas 0
80-abiertos.md: remapeadas 0 · iguales 238 · sobre texto cambiado 0 · desconocidas 0
90-retirados.md: remapeadas 0 · iguales 89 · sobre texto cambiado 0 · desconocidas 0
10-corte/B1.md: remapeadas 0 · iguales 81 · sobre texto cambiado 0 · desconocidas 0
10-corte/B11.md: remapeadas 0 · iguales 54 · sobre texto cambiado 0 · desconocidas 0
10-corte/B13a.md: remapeadas 0 · iguales 38 · sobre texto cambiado 0 · desconocidas 0
10-corte/B2.md: remapeadas 0 · iguales 23 · sobre texto cambiado 0 · desconocidas 0
10-corte/B3.md: remapeadas 0 · iguales 78 · sobre texto cambiado 0 · desconocidas 0
10-corte/B8a.md: remapeadas 0 · iguales 13 · sobre texto cambiado 0 · desconocidas 0
10-corte/B9a.md: remapeadas 0 · iguales 37 · sobre texto cambiado 0 · desconocidas 0
10-corte/U1.md: remapeadas 0 · iguales 23 · sobre texto cambiado 0 · desconocidas 0
10-corte/U2.md: remapeadas 0 · iguales 6 · sobre texto cambiado 0 · desconocidas 0
10-corte/U3.md: remapeadas 0 · iguales 9 · sobre texto cambiado 0 · desconocidas 0
10-corte/V1.md: remapeadas 0 · iguales 14 · sobre texto cambiado 0 · desconocidas 0
10-corte/V2.md: remapeadas 0 · iguales 23 · sobre texto cambiado 0 · desconocidas 0
10-corte/V3.md: remapeadas 0 · iguales 50 · sobre texto cambiado 0 · desconocidas 0
10-corte/V4.md: remapeadas 0 · iguales 71 · sobre texto cambiado 0 · desconocidas 0
10-corte/V5.md: remapeadas 0 · iguales 681 · sobre texto cambiado 0 · desconocidas 0
10-corte/V6.md: remapeadas 0 · iguales 393 · sobre texto cambiado 0 · desconocidas 0
10-corte/V8a.md: remapeadas 0 · iguales 79 · sobre texto cambiado 0 · desconocidas 0
10-corte/V9a.md: remapeadas 0 · iguales 6 · sobre texto cambiado 0 · desconocidas 0
20-fase-1/V9b.md: remapeadas 0 · iguales 290 · sobre texto cambiado 0 · desconocidas 0
20-fase-2/B8b.md: remapeadas 0 · iguales 53 · sobre texto cambiado 0 · desconocidas 0
20-fase-2/B9b.md: remapeadas 0 · iguales 15 · sobre texto cambiado 0 · desconocidas 0
20-fase-3/B10.md: remapeadas 0 · iguales 43 · sobre texto cambiado 0 · desconocidas 0
20-fase-3/B12.md: remapeadas 0 · iguales 26 · sobre texto cambiado 0 · desconocidas 0
20-fase-3/B13b.md: remapeadas 0 · iguales 4 · sobre texto cambiado 0 · desconocidas 0
20-fase-4/V7.md: remapeadas 0 · iguales 396 · sobre texto cambiado 0 · desconocidas 0
20-fase-4/V8b.md: remapeadas 0 · iguales 3 · sobre texto cambiado 0 · desconocidas 0
scripts/generadores/g8/src/B4.md: remapeadas 0 · iguales 33 · sobre texto cambiado 0 · desconocidas 0
scripts/generadores/g8/src/B5.md: remapeadas 0 · iguales 88 · sobre texto cambiado 0 · desconocidas 0
scripts/generadores/g8/src/B6.md: remapeadas 0 · iguales 50 · sobre texto cambiado 0 · desconocidas 0
scripts/generadores/g8/src/B7.md: remapeadas 0 · iguales 746 · sobre texto cambiado 0 · desconocidas 0
TOTAL {'IGUAL': 5249}
