
=== renov-ok       RN-1: renovación exitosa a las 24 h
    HTTP 201 · id: 930a7596704f4d3ba3cd31a180b4bfcf
    RELECTURA: {"status":"authorized","ciclo":"1 days","monto":2000.00,"next_payment_date":"2026-09-16T11:26:09.000-04:00","cobros":1,"free_trial":null}
renov-ok|930a7596704f4d3ba3cd31a180b4bfcf

=== renov-falla    PA-4 + RN-2 + GR-1..3: cobro que falla
    HTTP 400 · id: —
{"message":"CC_VAL_433 Credit card validation has failed","error":null,"cause":null}
renov-falla|

=== pausa-real     PS-2/4/5/6: se pausa abajo, por 24 h reales
    HTTP 400 · id: —
{"message":"Card token was used, please generate new","error":null,"cause":null}
pausa-real|

=== sin-autorizar  EX-1: nunca se autoriza. ¿Vence? ¿Cuándo?
    HTTP 201 · id: bf9b6feba3cc4a9d994754648b850a6a
    RELECTURA: {"status":"pending","ciclo":"1 days","monto":2000.00,"next_payment_date":"2026-09-15T11:26:13.000-04:00","cobros":null,"free_trial":null}
sin-autorizar|bf9b6feba3cc4a9d994754648b850a6a

=== monto-baja     DW-1/DW-2: el monto baja a 1000
    HTTP 400 · id: —
{"message":"Card token was used, please generate new","error":null,"cause":null}
monto-baja|

=== monto-sube     UP-1/UP-2: el monto sube a 4000
    HTTP 400 · id: —
{"message":"Card token was used, please generate new","error":null,"cause":null}
monto-sube|

=== cortesia-piso  CT-1/CT-3: el monto baja al piso de ARS 15
    HTTP 400 · id: —
{"message":"Card token was used, please generate new","error":null,"cause":null}
cortesia-piso|

=== renov-falla    PA-4 + RN-2 + GR-1..3: cobro que falla
    HTTP 400 · id: —
{"message":"CC_VAL_433 Credit card validation has failed","error":null,"cause":null}
renov-falla|

=== renov-falla2   ídem, por si FUND no pasa la validación de tarjeta
    HTTP 400 · id: —
{"message":"CC_VAL_433 Credit card validation has failed","error":null,"cause":null}
renov-falla2|

=== pausa-real     PS-2/4/5/6: se pausa abajo, por 24 h reales
    HTTP 201 · id: 747cc456534d495b8705027b96785387
    RELECTURA: {"status":"authorized","ciclo":"1 days","monto":2000.00,"next_payment_date":"2026-09-16T11:28:03.000-04:00","cobros":1,"free_trial":null}
pausa-real|747cc456534d495b8705027b96785387

=== monto-baja     DW-1/DW-2: el monto baja a 1000
    HTTP 201 · id: 5e4c5e5c537248f7b0fed24ed12ac3ff
    RELECTURA: {"status":"authorized","ciclo":"1 days","monto":2000.00,"next_payment_date":"2026-09-16T11:28:06.000-04:00","cobros":1,"free_trial":null}
monto-baja|5e4c5e5c537248f7b0fed24ed12ac3ff

=== monto-sube     UP-1/UP-2: el monto sube a 4000
    HTTP 201 · id: 4f60c31c3d5142068dd16a4f6afb3e12
    RELECTURA: {"status":"authorized","ciclo":"1 days","monto":2000.00,"next_payment_date":"2026-09-16T11:28:10.000-04:00","cobros":1,"free_trial":null}
monto-sube|4f60c31c3d5142068dd16a4f6afb3e12

=== cortesia-piso  CT-1/CT-3: el monto baja al piso de ARS 15
    HTTP 201 · id: 30c03ccacea045e0a6f9e0a44c870b02
    RELECTURA: {"status":"authorized","ciclo":"1 days","monto":2000.00,"next_payment_date":"2026-09-16T11:28:13.000-04:00","cobros":1,"free_trial":null}
cortesia-piso|30c03ccacea045e0a6f9e0a44c870b02

=== renov-falla3   RN-2/GR-*: nace sana y abajo se le sube el monto a un absurdo
    HTTP 201 · id: 0e678ead9616489e976c13ef22a1f0ae
    RELECTURA: {"status":"authorized","ciclo":"1 days","monto":2000.00,"next_payment_date":"2026-09-16T11:28:59.000-04:00","cobros":1,"free_trial":null}
renov-falla3|0e678ead9616489e976c13ef22a1f0ae
